verify-freshness: 40 dataset(s) selected, 195 unique URL(s) to probe
verify-freshness: UA="AsapticFreshnessBot/1.0 (+https://asaptic.com/standard/methodology)" timeout=30000ms retries=2 rps/domain=1 concurrency=8
verify-freshness: stamping is OFF (dry report)

verify-freshness: SITE DEGRADED — ecfr.gov: 4/4 URLs all land on https://unblock.federalregister.gov/. Treating as INCONCLUSIVE (no stamping, no dead-source tickets, fingerprints preserved).

[BLOCKED ] bess-china-to-eu (bess, 7 urls, last_verified 2026-06-11)
[REDIRECTED] ev-charger-china-to-eu (ev-charger, 9 urls, last_verified 2026-06-11)
[DEAD    ] solar-inverter-china-to-canada (pv-inverter, 5 urls, last_verified 2026-06-12)
[DEAD    ] wireless-device-china-to-australia (wireless-device, 4 urls, last_verified 2026-06-12)
[DEAD    ] led-luminaire-china-to-australia (led-luminaire, 5 urls, last_verified 2026-06-12)
[DEAD    ] lithium-battery-china-to-australia (lithium-battery, 6 urls, last_verified 2026-06-12)
[DEAD    ] refrigerator-china-to-australia (refrigerator, 5 urls, last_verified 2026-06-12)
[DEAD    ] ppe-respirator-china-to-australia (ppe-respirator, 5 urls, last_verified 2026-06-12)
[DEAD    ] power-tool-china-to-australia (power-tool, 4 urls, last_verified 2026-06-12)
[REDIRECTED] industrial-motor-china-to-eu (industrial-motor, 5 urls, last_verified 2026-06-11)
[DEAD    ] heat-pump-china-to-australia (heat-pump, 5 urls, last_verified 2026-06-12)
[REDIRECTED] heat-pump-china-to-eu (heat-pump-ashp, 8 urls, last_verified 2026-06-12)
[REDIRECTED] medical-device-china-to-eu (medical-device, 3 urls, last_verified 2026-06-11)
[DEAD    ] solar-inverter-china-to-australia (grid-tied-pv-inverter, 9 urls, last_verified 2026-06-11)
[DEAD    ] cosmetics-china-to-australia (cosmetics, 5 urls, last_verified 2026-06-12)
[DEAD    ] e-bike-china-to-australia (e-bike, 5 urls, last_verified 2026-06-12)
[DEAD    ] food-contact-china-to-australia (food-contact, 5 urls, last_verified 2026-06-12)
[BASELINE] furniture-china-to-australia (furniture, 4 urls, last_verified 2026-06-12)
[DEAD    ] textiles-apparel-china-to-australia (textiles-apparel, 5 urls, last_verified 2026-06-12)
[DEAD    ] toys-china-to-australia (toys, 5 urls, last_verified 2026-06-12)
[REDIRECTED] gan-charger-china-to-eu (gan-charger, 5 urls, last_verified 2026-06-11)
[BLOCKED ] na-ion-storage-china-to-eu (na-ion-storage, 11 urls, last_verified 2026-06-11)
[DEAD    ] datacenter-cooling-china-to-eu (datacenter-cooling, 15 urls, last_verified 2026-06-11)
[BLOCKED ] electrolyzer-china-to-eu (electrolyzer, 6 urls, last_verified 2026-06-11)
[REDIRECTED] perovskite-pv-china-to-eu (perovskite-pv, 6 urls, last_verified 2026-06-11)
[BASELINE] bess-china-to-us (bess, 6 urls, last_verified 2026-06-11)
[REDIRECTED] ev-charger-china-to-uk (ev-charger, 7 urls, last_verified 2026-06-11)
[DEAD    ] solar-inverter-china-to-mexico (pv-inverter, 7 urls, last_verified 2026-06-12)
[DEAD    ] wireless-device-china-to-canada (wireless-device, 5 urls, last_verified 2026-06-12)
[DEAD    ] led-luminaire-china-to-canada (led-luminaire, 5 urls, last_verified 2026-06-12)
[DEAD    ] lithium-battery-china-to-canada (lithium-battery, 5 urls, last_verified 2026-06-12)
[BLOCKED ] refrigerator-china-to-canada (refrigerator, 6 urls, last_verified 2026-06-12)
[DEAD    ] ppe-respirator-china-to-canada (ppe-respirator, 5 urls, last_verified 2026-06-12)
[DEAD    ] power-tool-china-to-canada (power-tool, 3 urls, last_verified 2026-06-12)
[DEAD    ] industrial-motor-china-to-us (industrial-motor, 5 urls, last_verified 2026-06-11)
[BLOCKED ] heat-pump-china-to-canada (heat-pump, 6 urls, last_verified 2026-06-12)
[DEAD    ] heat-pump-china-to-india (heat-pump-ashp, 4 urls, last_verified 2026-06-12)
[DEAD    ] medical-device-china-to-us (medical-device, 12 urls, last_verified 2026-06-11)
[REDIRECTED] solar-inverter-china-to-brazil (grid-tied-pv-inverter, 6 urls, last_verified 2026-06-11)
[BASELINE] cosmetics-china-to-canada (cosmetics, 4 urls, last_verified 2026-06-12)

=== SUMMARY ===
datasets checked : 40
unique urls      : 195
runtime          : 653.4s (16.3s/dataset, 3.35s/url)
  DEAD             24
  REDIRECTED       8
  BLOCKED          5
  BASELINE         3
would stamp      : 0 (run again with --stamp)
site-degraded    : 1 host(s) -> 0 dataset(s) INCONCLUSIVE

--- bot-blocked domains (403/401/429) — need a browser-based check ---
csagroup.org                           blocked 8/8
unece.org                              blocked 3/3
gob.mx                                 blocked 3/3
aemo.com.au                            blocked 1/1
joint-research-centre.ec.europa.eu     blocked 1/1
echa.europa.eu                         blocked 1/1
iso.org                                blocked 1/1

verify-freshness: report -> /Users/tun/Projects/asaptic-web-theme/standard/data/_freshness/PILOT_PASS1_baseline.md
